// Jest Snapshot v1, https://goo.gl/fbAQLP

exports[`MapView renders map 1`] = `
<MapView
  activeViewPort={
    Object {
      "activeViewPort": Object {
        "center": Array [
          -122.396449,
          37.791256,
        ],
        "zoom": 15,
      },
    }
  }
  handleUpdateFavoritesList={[MockFunction]}
>
  <div
    className="map-container"
  />
</MapView>
`;
